Copyright 1986-2017 Xilinx, Inc. All Rights Reserved.
-------------------------------------------------------------------------------------------------------------------------------
| Tool Version     : Vivado v.2017.4 (win64) Build 2086221 Fri Dec 15 20:55:39 MST 2017
| Date             : Tue Jan  2 20:44:07 2018
| Host             : DESKTOP-RQOG6G3 running 64-bit major release  (build 9200)
| Command          : report_power -file top_power_routed.rpt -pb top_power_summary_routed.pb -rpx top_power_routed.rpx
| Design           : top
| Device           : xc7a100tcsg324-1
| Design State     : routed
| Grade            : commercial
| Process          : typical
| Characterization : Production
-------------------------------------------------------------------------------------------------------------------------------

Power Report

Table of Contents
-----------------
1. Summary
1.1 On-Chip Components
1.2 Power Supply Summary
1.3 Confidence Level
2. Settings
2.1 Environment
2.2 Clock Constraints
3. Detailed Reports
3.1 By Hierarchy

1. Summary
----------

+--------------------------+--------------+
| Total On-Chip Power (W)  | 0.192        |
| Design Power Budget (W)  | Unspecified* |
| Power Budget Margin (W)  | NA           |
| Dynamic (W)              | 0.088        |
| Device Static (W)        | 0.104        |
| Effective TJA (C/W)      | 4.6          |
| Max Ambient (C)          | 84.1         |
| Junction Temperature (C) | 25.9         |
| Confidence Level         | Low          |
| Setting File             | ---          |
| Simulation Activity File | ---          |
| Design Nets Matched      | NA           |
+--------------------------+--------------+
* Specify Design Power Budget using, set_operating_conditions -design_power_budget <value in Watts>


1.1 On-Chip Components
----------------------

+-------------------------+-----------+----------+-----------+-----------------+
| On-Chip                 | Power (W) | Used     | Available | Utilization (%) |
+-------------------------+-----------+----------+-----------+-----------------+
| Clocks                  |     0.007 |        3 |       --- |             --- |
| Slice Logic             |     0.006 |     2650 |       --- |             --- |
|   LUT as Logic          |     0.005 |     1460 |     63400 |            2.30 |
|   CARRY4                |    <0.001 |      116 |     15850 |            0.73 |
|   Register              |    <0.001 |      435 |    126800 |            0.34 |
|   F7/F8 Muxes           |    <0.001 |      228 |     63400 |            0.36 |
|   BUFG                  |    <0.001 |        4 |        32 |           12.50 |
|   LUT as Shift Register |    <0.001 |        6 |     19000 |            0.03 |
|   Others                |     0.000 |      263 |       --- |             --- |
| Signals                 |     0.014 |     3364 |       --- |             --- |
| Block RAM               |     0.032 |      131 |       135 |           97.04 |
| DSPs                    |     0.005 |       16 |       240 |            6.67 |
| I/O                     |     0.024 |       56 |       210 |           26.67 |
| Static Power            |     0.104 |          |           |                 |
| Total                   |     0.192 |          |           |                 |
+-------------------------+-----------+----------+-----------+-----------------+


1.2 Power Supply Summary
------------------------

+-----------+-------------+-----------+-------------+------------+
| Source    | Voltage (V) | Total (A) | Dynamic (A) | Static (A) |
+-----------+-------------+-----------+-------------+------------+
| Vccint    |       1.000 |     0.079 |       0.061 |      0.018 |
| Vccaux    |       1.800 |     0.019 |       0.001 |      0.018 |
| Vcco33    |       3.300 |     0.011 |       0.007 |      0.004 |
| Vcco25    |       2.500 |     0.000 |       0.000 |      0.000 |
| Vcco18    |       1.800 |     0.000 |       0.000 |      0.000 |
| Vcco15    |       1.500 |     0.000 |       0.000 |      0.000 |
| Vcco135   |       1.350 |     0.000 |       0.000 |      0.000 |
| Vcco12    |       1.200 |     0.000 |       0.000 |      0.000 |
| Vccaux_io |       1.800 |     0.000 |       0.000 |      0.000 |
| Vccbram   |       1.000 |     0.006 |       0.003 |      0.003 |
| MGTAVcc   |       1.000 |     0.000 |       0.000 |      0.000 |
| MGTAVtt   |       1.200 |     0.000 |       0.000 |      0.000 |
| Vccadc    |       1.800 |     0.020 |       0.000 |      0.020 |
+-----------+-------------+-----------+-------------+------------+


1.3 Confidence Level
--------------------

+-----------------------------+------------+--------------------------------------------------------+--------------------------------------------------------------------------------------------------------------------+
| User Input Data             | Confidence | Details                                                | Action                                                                                                             |
+-----------------------------+------------+--------------------------------------------------------+--------------------------------------------------------------------------------------------------------------------+
| Design implementation state | High       | Design is routed                                       |                                                                                                                    |
| Clock nodes activity        | Medium     | More than 5% of clocks are missing user specification  | Provide missing clock activity with a constraint file, simulation results or by editing the "By Clock Domain" view |
| I/O nodes activity          | Low        | More than 75% of inputs are missing user specification | Provide missing input activity with simulation results or by editing the "By Resource Type -> I/Os" view           |
| Internal nodes activity     | Medium     | User specified less than 25% of internal nodes         | Provide missing internal nodes activity with simulation results or by editing the "By Resource Type" views         |
| Device models               | High       | Device models are Production                           |                                                                                                                    |
|                             |            |                                                        |                                                                                                                    |
| Overall confidence level    | Low        |                                                        |                                                                                                                    |
+-----------------------------+------------+--------------------------------------------------------+--------------------------------------------------------------------------------------------------------------------+


2. Settings
-----------

2.1 Environment
---------------

+-----------------------+--------------------------+
| Ambient Temp (C)      | 25.0                     |
| ThetaJA (C/W)         | 4.6                      |
| Airflow (LFM)         | 250                      |
| Heat Sink             | medium (Medium Profile)  |
| ThetaSA (C/W)         | 4.6                      |
| Board Selection       | medium (10"x10")         |
| # of Board Layers     | 12to15 (12 to 15 Layers) |
| Board Temperature (C) | 25.0                     |
+-----------------------+--------------------------+


2.2 Clock Constraints
---------------------

+-------------+--------+-----------------+
| Clock       | Domain | Constraint (ns) |
+-------------+--------+-----------------+
| sys_clk_pin | clk_i  |            10.0 |
+-------------+--------+-----------------+


3. Detailed Reports
-------------------

3.1 By Hierarchy
----------------

+----------------------------------------------+-----------+
| Name                                         | Power (W) |
+----------------------------------------------+-----------+
| top                                          |     0.088 |
|   acceleration                               |     0.007 |
|     SPI_Interface                            |    <0.001 |
|   basic                                      |     0.003 |
|     U0                                       |     0.003 |
|       inst_blk_mem_gen                       |     0.003 |
|         gnbram.gnativebmg.native_blk_mem_gen |     0.003 |
|           valid.cstr                         |     0.003 |
|             ramloop[0].ram.r                 |     0.001 |
|               prim_init.ram                  |     0.001 |
|             ramloop[1].ram.r                 |     0.002 |
|               prim_init.ram                  |     0.002 |
|   bcd1                                       |    <0.001 |
|   bcd2                                       |    <0.001 |
|   boll                                       |     0.001 |
|     U0                                       |     0.001 |
|       inst_blk_mem_gen                       |     0.001 |
|         gnbram.gnativebmg.native_blk_mem_gen |     0.001 |
|           valid.cstr                         |     0.001 |
|             ramloop[0].ram.r                 |     0.001 |
|               prim_init.ram                  |     0.001 |
|   choice_reg[0]                              |    <0.001 |
|   choice_reg[1]                              |    <0.001 |
|   disp                                       |    <0.001 |
|   hard                                       |     0.003 |
|     U0                                       |     0.003 |
|       inst_blk_mem_gen                       |     0.003 |
|         gnbram.gnativebmg.native_blk_mem_gen |     0.003 |
|           valid.cstr                         |     0.003 |
|             ramloop[0].ram.r                 |     0.001 |
|               prim_init.ram                  |     0.001 |
|             ramloop[1].ram.r                 |     0.002 |
|               prim_init.ram                  |     0.002 |
|   main                                       |     0.002 |
|   mainwindow                                 |     0.021 |
|     U0                                       |     0.021 |
|       inst_blk_mem_gen                       |     0.021 |
|         gnbram.gnativebmg.native_blk_mem_gen |     0.021 |
|           valid.cstr                         |     0.021 |
|             has_mux_a.A                      |     0.001 |
|             has_mux_b.B                      |     0.002 |
|             ramloop[0].ram.r                 |     0.004 |
|               prim_init.ram                  |     0.004 |
|             ramloop[100].ram.r               |    <0.001 |
|               prim_init.ram                  |    <0.001 |
|             ramloop[101].ram.r               |    <0.001 |
|               prim_init.ram                  |    <0.001 |
|             ramloop[102].ram.r               |    <0.001 |
|               prim_init.ram                  |    <0.001 |
|             ramloop[103].ram.r               |    <0.001 |
|               prim_init.ram                  |    <0.001 |
|             ramloop[104].ram.r               |    <0.001 |
|               prim_init.ram                  |    <0.001 |
|             ramloop[10].ram.r                |    <0.001 |
|               prim_init.ram                  |    <0.001 |
|             ramloop[11].ram.r                |    <0.001 |
|               prim_init.ram                  |    <0.001 |
|             ramloop[12].ram.r                |    <0.001 |
|               prim_init.ram                  |    <0.001 |
|             ramloop[13].ram.r                |     0.002 |
|               prim_init.ram                  |     0.002 |
|             ramloop[14].ram.r                |    <0.001 |
|               prim_init.ram                  |    <0.001 |
|             ramloop[15].ram.r                |    <0.001 |
|               prim_init.ram                  |    <0.001 |
|             ramloop[16].ram.r                |    <0.001 |
|               prim_init.ram                  |    <0.001 |
|             ramloop[17].ram.r                |    <0.001 |
|               prim_init.ram                  |    <0.001 |
|             ramloop[18].ram.r                |    <0.001 |
|               prim_init.ram                  |    <0.001 |
|             ramloop[19].ram.r                |    <0.001 |
|               prim_init.ram                  |    <0.001 |
|             ramloop[1].ram.r                 |    <0.001 |
|               prim_init.ram                  |    <0.001 |
|             ramloop[20].ram.r                |    <0.001 |
|               prim_init.ram                  |    <0.001 |
|             ramloop[21].ram.r                |    <0.001 |
|               prim_init.ram                  |    <0.001 |
|             ramloop[22].ram.r                |    <0.001 |
|               prim_init.ram                  |    <0.001 |
|             ramloop[23].ram.r                |    <0.001 |
|               prim_init.ram                  |    <0.001 |
|             ramloop[24].ram.r                |    <0.001 |
|               prim_init.ram                  |    <0.001 |
|             ramloop[25].ram.r                |    <0.001 |
|               prim_init.ram                  |    <0.001 |
|             ramloop[26].ram.r                |    <0.001 |
|               prim_init.ram                  |    <0.001 |
|             ramloop[27].ram.r                |    <0.001 |
|               prim_init.ram                  |    <0.001 |
|             ramloop[28].ram.r                |    <0.001 |
|               prim_init.ram                  |    <0.001 |
|             ramloop[29].ram.r                |    <0.001 |
|               prim_init.ram                  |    <0.001 |
|             ramloop[2].ram.r                 |    <0.001 |
|               prim_init.ram                  |    <0.001 |
|             ramloop[30].ram.r                |    <0.001 |
|               prim_init.ram                  |    <0.001 |
|             ramloop[31].ram.r                |    <0.001 |
|               prim_init.ram                  |    <0.001 |
|             ramloop[32].ram.r                |    <0.001 |
|               prim_init.ram                  |    <0.001 |
|             ramloop[33].ram.r                |    <0.001 |
|               prim_init.ram                  |    <0.001 |
|             ramloop[34].ram.r                |    <0.001 |
|               prim_init.ram                  |    <0.001 |
|             ramloop[35].ram.r                |    <0.001 |
|               prim_init.ram                  |    <0.001 |
|             ramloop[36].ram.r                |    <0.001 |
|               prim_init.ram                  |    <0.001 |
|             ramloop[37].ram.r                |    <0.001 |
|               prim_init.ram                  |    <0.001 |
|             ramloop[38].ram.r                |    <0.001 |
|               prim_init.ram                  |    <0.001 |
|             ramloop[39].ram.r                |    <0.001 |
|               prim_init.ram                  |    <0.001 |
|             ramloop[3].ram.r                 |    <0.001 |
|               prim_init.ram                  |    <0.001 |
|             ramloop[40].ram.r                |    <0.001 |
|               prim_init.ram                  |    <0.001 |
|             ramloop[41].ram.r                |    <0.001 |
|               prim_init.ram                  |    <0.001 |
|             ramloop[42].ram.r                |    <0.001 |
|               prim_init.ram                  |    <0.001 |
|             ramloop[43].ram.r                |    <0.001 |
|               prim_init.ram                  |    <0.001 |
|             ramloop[44].ram.r                |    <0.001 |
|               prim_init.ram                  |    <0.001 |
|             ramloop[45].ram.r                |    <0.001 |
|               prim_init.ram                  |    <0.001 |
|             ramloop[46].ram.r                |    <0.001 |
|               prim_init.ram                  |    <0.001 |
|             ramloop[47].ram.r                |    <0.001 |
|               prim_init.ram                  |    <0.001 |
|             ramloop[48].ram.r                |    <0.001 |
|               prim_init.ram                  |    <0.001 |
|             ramloop[49].ram.r                |    <0.001 |
|               prim_init.ram                  |    <0.001 |
|             ramloop[4].ram.r                 |    <0.001 |
|               prim_init.ram                  |    <0.001 |
|             ramloop[50].ram.r                |    <0.001 |
|               prim_init.ram                  |    <0.001 |
|             ramloop[51].ram.r                |    <0.001 |
|               prim_init.ram                  |    <0.001 |
|             ramloop[52].ram.r                |    <0.001 |
|               prim_init.ram                  |    <0.001 |
|             ramloop[53].ram.r                |    <0.001 |
|               prim_init.ram                  |    <0.001 |
|             ramloop[54].ram.r                |    <0.001 |
|               prim_init.ram                  |    <0.001 |
|             ramloop[55].ram.r                |    <0.001 |
|               prim_init.ram                  |    <0.001 |
|             ramloop[56].ram.r                |    <0.001 |
|               prim_init.ram                  |    <0.001 |
|             ramloop[57].ram.r                |    <0.001 |
|               prim_init.ram                  |    <0.001 |
|             ramloop[58].ram.r                |    <0.001 |
|               prim_init.ram                  |    <0.001 |
|             ramloop[59].ram.r                |    <0.001 |
|               prim_init.ram                  |    <0.001 |
|             ramloop[5].ram.r                 |    <0.001 |
|               prim_init.ram                  |    <0.001 |
|             ramloop[60].ram.r                |    <0.001 |
|               prim_init.ram                  |    <0.001 |
|             ramloop[61].ram.r                |    <0.001 |
|               prim_init.ram                  |    <0.001 |
|             ramloop[62].ram.r                |    <0.001 |
|               prim_init.ram                  |    <0.001 |
|             ramloop[63].ram.r                |    <0.001 |
|               prim_init.ram                  |    <0.001 |
|             ramloop[64].ram.r                |    <0.001 |
|               prim_init.ram                  |    <0.001 |
|             ramloop[65].ram.r                |    <0.001 |
|               prim_init.ram                  |    <0.001 |
|             ramloop[66].ram.r                |    <0.001 |
|               prim_init.ram                  |    <0.001 |
|             ramloop[67].ram.r                |    <0.001 |
|               prim_init.ram                  |    <0.001 |
|             ramloop[68].ram.r                |    <0.001 |
|               prim_init.ram                  |    <0.001 |
|             ramloop[69].ram.r                |    <0.001 |
|               prim_init.ram                  |    <0.001 |
|             ramloop[6].ram.r                 |    <0.001 |
|               prim_init.ram                  |    <0.001 |
|             ramloop[70].ram.r                |    <0.001 |
|               prim_init.ram                  |    <0.001 |
|             ramloop[71].ram.r                |    <0.001 |
|               prim_init.ram                  |    <0.001 |
|             ramloop[72].ram.r                |    <0.001 |
|               prim_init.ram                  |    <0.001 |
|             ramloop[73].ram.r                |    <0.001 |
|               prim_init.ram                  |    <0.001 |
|             ramloop[74].ram.r                |    <0.001 |
|               prim_init.ram                  |    <0.001 |
|             ramloop[75].ram.r                |    <0.001 |
|               prim_init.ram                  |    <0.001 |
|             ramloop[76].ram.r                |    <0.001 |
|               prim_init.ram                  |    <0.001 |
|             ramloop[77].ram.r                |    <0.001 |
|               prim_init.ram                  |    <0.001 |
|             ramloop[78].ram.r                |    <0.001 |
|               prim_init.ram                  |    <0.001 |
|             ramloop[79].ram.r                |    <0.001 |
|               prim_init.ram                  |    <0.001 |
|             ramloop[7].ram.r                 |     0.004 |
|               prim_init.ram                  |     0.004 |
|             ramloop[80].ram.r                |    <0.001 |
|               prim_init.ram                  |    <0.001 |
|             ramloop[81].ram.r                |    <0.001 |
|               prim_init.ram                  |    <0.001 |
|             ramloop[82].ram.r                |    <0.001 |
|               prim_init.ram                  |    <0.001 |
|             ramloop[83].ram.r                |    <0.001 |
|               prim_init.ram                  |    <0.001 |
|             ramloop[84].ram.r                |    <0.001 |
|               prim_init.ram                  |    <0.001 |
|             ramloop[85].ram.r                |    <0.001 |
|               prim_init.ram                  |    <0.001 |
|             ramloop[86].ram.r                |    <0.001 |
|               prim_init.ram                  |    <0.001 |
|             ramloop[87].ram.r                |    <0.001 |
|               prim_init.ram                  |    <0.001 |
|             ramloop[88].ram.r                |    <0.001 |
|               prim_init.ram                  |    <0.001 |
|             ramloop[89].ram.r                |    <0.001 |
|               prim_init.ram                  |    <0.001 |
|             ramloop[8].ram.r                 |    <0.001 |
|               prim_init.ram                  |    <0.001 |
|             ramloop[90].ram.r                |    <0.001 |
|               prim_init.ram                  |    <0.001 |
|             ramloop[91].ram.r                |    <0.001 |
|               prim_init.ram                  |    <0.001 |
|             ramloop[92].ram.r                |    <0.001 |
|               prim_init.ram                  |    <0.001 |
|             ramloop[93].ram.r                |    <0.001 |
|               prim_init.ram                  |    <0.001 |
|             ramloop[94].ram.r                |    <0.001 |
|               prim_init.ram                  |    <0.001 |
|             ramloop[95].ram.r                |    <0.001 |
|               prim_init.ram                  |    <0.001 |
|             ramloop[96].ram.r                |    <0.001 |
|               prim_init.ram                  |    <0.001 |
|             ramloop[97].ram.r                |    <0.001 |
|               prim_init.ram                  |    <0.001 |
|             ramloop[98].ram.r                |    <0.001 |
|               prim_init.ram                  |    <0.001 |
|             ramloop[99].ram.r                |     0.004 |
|               prim_init.ram                  |     0.004 |
|             ramloop[9].ram.r                 |    <0.001 |
|               prim_init.ram                  |    <0.001 |
|   normal                                     |     0.003 |
|     U0                                       |     0.003 |
|       inst_blk_mem_gen                       |     0.003 |
|         gnbram.gnativebmg.native_blk_mem_gen |     0.003 |
|           valid.cstr                         |     0.003 |
|             ramloop[0].ram.r                 |     0.001 |
|               prim_init.ram                  |     0.001 |
|             ramloop[1].ram.r                 |     0.002 |
|               prim_init.ram                  |     0.002 |
|   overgame                                   |     0.004 |
|     U0                                       |     0.004 |
|       inst_blk_mem_gen                       |     0.004 |
|         gnbram.gnativebmg.native_blk_mem_gen |     0.004 |
|           valid.cstr                         |     0.004 |
|             bindec_a.bindec_inst_a           |    <0.001 |
|             has_mux_a.A                      |    <0.001 |
|             ramloop[0].ram.r                 |    <0.001 |
|               prim_init.ram                  |    <0.001 |
|             ramloop[1].ram.r                 |    <0.001 |
|               prim_init.ram                  |    <0.001 |
|             ramloop[2].ram.r                 |    <0.001 |
|               prim_init.ram                  |    <0.001 |
|             ramloop[3].ram.r                 |    <0.001 |
|               prim_init.ram                  |    <0.001 |
|             ramloop[4].ram.r                 |     0.002 |
|               prim_init.ram                  |     0.002 |
|   wingame                                    |     0.004 |
|     U0                                       |     0.004 |
|       inst_blk_mem_gen                       |     0.004 |
|         gnbram.gnativebmg.native_blk_mem_gen |     0.004 |
|           valid.cstr                         |     0.004 |
|             bindec_a.bindec_inst_a           |    <0.001 |
|             has_mux_a.A                      |    <0.001 |
|             ramloop[0].ram.r                 |    <0.001 |
|               prim_init.ram                  |    <0.001 |
|             ramloop[1].ram.r                 |    <0.001 |
|               prim_init.ram                  |    <0.001 |
|             ramloop[2].ram.r                 |    <0.001 |
|               prim_init.ram                  |    <0.001 |
|             ramloop[3].ram.r                 |    <0.001 |
|               prim_init.ram                  |    <0.001 |
|             ramloop[4].ram.r                 |     0.002 |
|               prim_init.ram                  |     0.002 |
+----------------------------------------------+-----------+


